[fatihgibran.com/webthemes/manten/style-02/index.html]
[backblue.gif]
[fade.gif]
[index.html]
[fatihgibran.com/webthemes/manten/style-02/assets/js/plugins/pace.min.js]
[fatihgibran.com/webthemes/manten/style-02/assets/css/bootstrap.min.css]
[fatihgibran.com/webthemes/manten/style-02/assets/css/style-02.min.css]
[fatihgibran.com/webthemes/manten/style-02/assets/img/background2.jpg]
[fatihgibran.com/webthemes/manten/style-02/assets/img/background3.jpg]
[fatihgibran.com/webthemes/manten/style-02/assets/img/background1.jpg]
[fatihgibran.com/webthemes/manten/style-02/assets/img/people3.jpg]
[fatihgibran.com/webthemes/manten/style-02/assets/img/people4.jpg]
[fatihgibran.com/webthemes/manten/style-02/assets/img/place5.jpg]
[fatihgibran.com/webthemes/manten/style-02/assets/img/place6.jpg]
[fatihgibran.com/webthemes/manten/style-02/assets/img/stay1.jpg]
[fatihgibran.com/webthemes/manten/style-02/assets/img/stay2.jpg]
[fatihgibran.com/webthemes/manten/style-02/assets/img/reg1.png]
[fatihgibran.com/webthemes/manten/style-02/assets/img/reg2.png]
[fatihgibran.com/webthemes/manten/style-02/assets/img/reg3.png]
[fatihgibran.com/webthemes/manten/style-02/assets/img/reg4.png]
[fatihgibran.com/webthemes/manten/style-02/assets/js/plugins/jquery.min.js]
[fatihgibran.com/webthemes/manten/style-02/assets/js/plugins/popper.min.js]
[fatihgibran.com/webthemes/manten/style-02/assets/js/plugins/bootstrap.min.js]
[fatihgibran.com/webthemes/manten/style-02/assets/js/plugins/jquery.flexslider-min.js]
[fatihgibran.com/webthemes/manten/style-02/assets/js/plugins/scrollreveal.min.js]
[fatihgibran.com/webthemes/manten/style-02/assets/js/style-02.js]
[fatihgibran.com/webthemes/manten/style-02/index.html]
[fatihgibran.com/webthemes/manten/style-02/assets/css/bootstrap.min.css]
[fatihgibran.com/webthemes/manten/style-02/assets/css/style-02.min.css]
